// Jest Snapshot v1, https://goo.gl/fbAQLP

exports[`TopSearchBar Component 1--Matches the DOM snapshot 1`] = `
<DocumentFragment>
  <div
    class="top__bar"
  >
    <div
      class="top__bar--search"
    >
      <input
        class="top__bar--search-input"
        name="search"
        placeholder="Search here"
        type="text"
      />
      <div
        class="top__bar--search-icon"
      >
        <i
          class="fas fa-search"
        />
      </div>
    </div>
    <div
      class="top__bar--search-user"
    >
      <h5>
        Asiye
      </h5>
      <i
        class="fas fa-bell"
      />
      <img
        alt="User"
        src="https://patient-appointment-system.s3.eu-west-2.amazonaws.com/1722605356602-asiye%20serife.jpeg"
      />
      <button>
        Logout
      </button>
    </div>
  </div>
</DocumentFragment>
`;
